3.1415927
2.7182817
2.3025851
1.4142135
9.869606
3.321928
0.84147096
0.5403023
1.5574077
-1.5707964
3.1415927
0.7853982
1.1752012
1.5430807
0.7615941
0.8813736
1.316958
0.54930615
