3.3333333333333335
3.3333333
0.3333333333333333
0.33333334
