1 1 2 3 4 5 5 6 9 
' ' '!' ',' 'H' 'W' 'd' 'e' 'l' 'l' 'l' 'o' 'o' 'r' 
