42.0
5.0
3.14
3.1415927
42.0
5.0
3.140000104904175
3.141592653589793
