[2,3,4,5,6,7,8,9,10,11]
[3,4,5,6,7,8,9]
[-1,3,7,11,15,19,23,27,31,35]
[1,3,5,7]
[]
[]
[1,1,1,1,1,1,1,1,1,1]
[1,1,1,1,1,1,1,1,1,1]
[]
