2
2
128.0
128.0
0.25
0.25
-0.125
-0.125
NaN
NaN
False
False
True
True
False
False
True
True
False
False
True
True
False
False
True
True
True
True
2
2
(7074237752028440,-51)
(13176795,-22)
0.7853981633974483
0.7853982
6.283185307179586
6.2831855
0.7853981633974483
0.7853982
