1.2345679e29
1.2345679e29
3.7037037e29
1.0
0.0
-1.0
