3.3
1.3
3.0
2
[1.0,2.0,3.0,4.0,5.0,6.0,7.0,8.0,9.0,10.0]
[2.0,1.0,0.0,-1.0,-2.0,-3.0,-4.0,-5.0,-6.0,-7.0]
[0.0,1.0,2.0,3.0,4.0,5.0,6.0,7.0,8.0,9.0,10.0]
[0.0,2.0,4.0,6.0,8.0,10.0]
