"\NUL\SOH\STX\ETX\EOT\ENQ\ACK\a\b\t\n\v\f\r\SO\SI\DLE\DC1\DC2\DC3\DC4\NAK\SYN\ETB\CAN\EM\SUB\ESC\FS\GS\RS\US !"
"\130"
"\130abc"
"\130\&012"
