[(1,'a'),(2,'b'),(3,'c'),(4,'d'),(5,'e')]
[4,4,4]
("abc",[2,3,4])
