3.141592653589793
2.718281828459045
2.302585092994046
1.414213562373095
9.869604401089358
3.3219280948873626
0.8414709848078965
0.5403023058681398
1.557407724654902
-1.5707963267948966
3.141592653589793
0.7853981633974483
1.1752011936438014
1.543080634815244
0.7615941559557647
0.8813735870195429
1.3169578969248166
0.5493061443340549
