1.2345678901234568e29
1.2345678901234568e29
3.70370367037037e29
1.0
0.0
-1.0
