LT
EQ
GT
EQ
EQ
GT
GT
GT
GT
LT
LT
LT
LT
EQ
EQ
LT
EQ
GT
