[18446744073709551614,18446744073709551615,18446744073709551616,18446744073709551617,18446744073709551618]
[18446744073709551614,18446744073709551613,18446744073709551612,18446744073709551611,18446744073709551610,18446744073709551609,18446744073709551608,18446744073709551607,18446744073709551606,18446744073709551605]
[1,2,3,4,5,6,7]
[1,3,5,7]
