3.141592653589793
2.718281828459045
2.302585092994046
1.4142135623730951
9.869604401089358
3.3219280948873626
0.8414709848078965
0.5403023058681398
1.557407724654902
-1.5707963267948966
3.141592653589793
0.7853981633974483
1.1752011936438014
1.54308063481524
0.7615941559557649
0.88137358701954
1.3169578969248166
0.549306144334054
