[41,47,53,59,65]
[(1,9,1),(2,8,1),(3,7,1)]
([1,2,3],[2,3,4],[3,4,5])
