9223372036854775807
-9223372036854775808
True
True
