Left 0
Left 2
Right "abc"
Right "abcd"
True
True
True
True
True
