[13,14,15,16,17]
[13,12,11,10,9,8,7,6,5,4]
[1,2,3,4,5,6,7,8,9,10,11,12]
[1,3,5,7,9,11,13]
