False
True
True
False
False
True
False
False
False
True
True
True
False
True
True
False
False
True
True
False
False
True
True
False
True
True
True
False
False
False
True
False
False
True
True
False
EQ
LT
LT
GT
EQ
LT
GT
GT
EQ
LT
EQ
GT
EQ
EQ
GT
GT
GT
GT
LT
LT
LT
LT
EQ
EQ
LT
EQ
GT
